foc.c:19:6:set_dtc	0	static
foc.c:49:6:filter_currents	0	static
foc.c:75:6:analog_sample	16	static
foc.c:121:6:abc	32	static
foc.c:135:6:dq0	40	static
foc.c:148:6:svm	56	static
foc.c:161:6:zero_current	48	static
foc.c:182:6:init_controller_params	40	static
foc.c:198:6:reset_foc	0	static
foc.c:217:6:reset_observer	0	static
foc.c:225:6:update_observer	0	static
foc.c:257:7:linearize_dtc	8	static
foc.c:266:6:field_weaken	16	static
foc.c:278:6:commutate	48	static
foc.c:340:6:torque_control	0	static
foc.c:350:6:zero_commands	0	static
